// Jest Snapshot v1, https://goo.gl/fbAQLP

exports[`QuestionCard Tests renders 1`] = `
Object {
  "asFragment": [Function],
  "baseElement": <body>
    <div>
      <div
        class="sc-bdnxRM kURkQH"
      >
        <p
          class="number"
        >
          Question: 
          0
           / 
          10
        </p>
        <p>
          Half-Life by Valve uses the GoldSrc game engine, which is a highly modified version of what engine?
        </p>
        <div>
          <div
            class="sc-gtsrHT lnMfvG"
          >
            <button
              data-testid="optionsButton"
              disabled=""
              value="Doom Engine"
            >
              <span>
                Doom Engine
              </span>
            </button>
          </div>
          <div
            class="sc-gtsrHT lnMfvG"
          >
            <button
              data-testid="optionsButton"
              disabled=""
              value="id Engine"
            >
              <span>
                id Engine
              </span>
            </button>
          </div>
          <div
            class="sc-gtsrHT lnMfvG"
          >
            <button
              data-testid="optionsButton"
              disabled=""
              value="Source Engine"
            >
              <span>
                Source Engine
              </span>
            </button>
          </div>
          <div
            class="sc-gtsrHT fVtpvm"
          >
            <button
              data-testid="optionsButton"
              disabled=""
              value="Quake Engine"
            >
              <span>
                Quake Engine
              </span>
            </button>
          </div>
        </div>
      </div>
    </div>
  </body>,
  "container": <div>
    <div
      class="sc-bdnxRM kURkQH"
    >
      <p
        class="number"
      >
        Question: 
        0
         / 
        10
      </p>
      <p>
        Half-Life by Valve uses the GoldSrc game engine, which is a highly modified version of what engine?
      </p>
      <div>
        <div
          class="sc-gtsrHT lnMfvG"
        >
          <button
            data-testid="optionsButton"
            disabled=""
            value="Doom Engine"
          >
            <span>
              Doom Engine
            </span>
          </button>
        </div>
        <div
          class="sc-gtsrHT lnMfvG"
        >
          <button
            data-testid="optionsButton"
            disabled=""
            value="id Engine"
          >
            <span>
              id Engine
            </span>
          </button>
        </div>
        <div
          class="sc-gtsrHT lnMfvG"
        >
          <button
            data-testid="optionsButton"
            disabled=""
            value="Source Engine"
          >
            <span>
              Source Engine
            </span>
          </button>
        </div>
        <div
          class="sc-gtsrHT fVtpvm"
        >
          <button
            data-testid="optionsButton"
            disabled=""
            value="Quake Engine"
          >
            <span>
              Quake Engine
            </span>
          </button>
        </div>
      </div>
    </div>
  </div>,
  "debug": [Function],
  "findAllByAltText": [Function],
  "findAllByDisplayValue": [Function],
  "findAllByLabelText": [Function],
  "findAllByPlaceholderText": [Function],
  "findAllByRole": [Function],
  "findAllByTestId": [Function],
  "findAllByText": [Function],
  "findAllByTitle": [Function],
  "findByAltText": [Function],
  "findByDisplayValue": [Function],
  "findByLabelText": [Function],
  "findByPlaceholderText": [Function],
  "findByRole": [Function],
  "findByTestId": [Function],
  "findByText": [Function],
  "findByTitle": [Function],
  "getAllByAltText": [Function],
  "getAllByDisplayValue": [Function],
  "getAllByLabelText": [Function],
  "getAllByPlaceholderText": [Function],
  "getAllByRole": [Function],
  "getAllByTestId": [Function],
  "getAllByText": [Function],
  "getAllByTitle": [Function],
  "getByAltText": [Function],
  "getByDisplayValue": [Function],
  "getByLabelText": [Function],
  "getByPlaceholderText": [Function],
  "getByRole": [Function],
  "getByTestId": [Function],
  "getByText": [Function],
  "getByTitle": [Function],
  "queryAllByAltText": [Function],
  "queryAllByDisplayValue": [Function],
  "queryAllByLabelText": [Function],
  "queryAllByPlaceholderText": [Function],
  "queryAllByRole": [Function],
  "queryAllByTestId": [Function],
  "queryAllByText": [Function],
  "queryAllByTitle": [Function],
  "queryByAltText": [Function],
  "queryByDisplayValue": [Function],
  "queryByLabelText": [Function],
  "queryByPlaceholderText": [Function],
  "queryByRole": [Function],
  "queryByTestId": [Function],
  "queryByText": [Function],
  "queryByTitle": [Function],
  "rerender": [Function],
  "unmount": [Function],
}
`;
